// Vitest Snapshot v1, https://vitest.dev/guide/snapshot.html

exports[`sparkline renderer > matches golden SVGs for compatibility-sensitive shapes 1`] = `
{
  "falling": "<svg xmlns="http://www.w3.org/2000/svg" viewBox="0 0 160 48" width="160" height="48" role="img"><title>AAPL 1m price sparkline</title><desc>Price movement for AAPL over 1m, from 8 to 1.</desc><path d="M 4 5 L 54.67 26.71 L 105.33 37.57 L 156 43" fill="none" stroke="#d13c43" stroke-width="2" stroke-linecap="round" stroke-linejoin="round"/></svg>",
  "flat": "<svg xmlns="http://www.w3.org/2000/svg" viewBox="0 0 160 48" width="160" height="48" role="img"><title>AAPL 1m price sparkline</title><desc>Price movement for AAPL over 1m, from 5 to 5.</desc><path d="M 4 24 L 80 24 L 156 24" fill="none" stroke="#6b7280" stroke-width="2" stroke-linecap="round" stroke-linejoin="round"/></svg>",
  "large": "<svg xmlns="http://www.w3.org/2000/svg" viewBox="0 0 160 48" width="160" height="48" role="img"><title>AAPL 1m price sparkline</title><desc>Price movement for AAPL over 1m, from 1e+250 to 9e+249.</desc><path d="M 4 30.33 L 80 5 L 156 43" fill="none" stroke="#d13c43" stroke-width="2" stroke-linecap="round" stroke-linejoin="round"/></svg>",
  "negative": "<svg xmlns="http://www.w3.org/2000/svg" viewBox="0 0 160 48" width="160" height="48" role="img"><title>AAPL 1m price sparkline</title><desc>Price movement for AAPL over 1m, from -20 to -16.</desc><path d="M 4 43 L 80 5 L 156 24" fill="none" stroke="#17854b" stroke-width="2" stroke-linecap="round" stroke-linejoin="round"/></svg>",
  "rising": "<svg xmlns="http://www.w3.org/2000/svg" viewBox="0 0 160 48" width="160" height="48" role="img"><title>AAPL 1m price sparkline</title><desc>Price movement for AAPL over 1m, from 1 to 8.</desc><path d="M 4 43 L 54.67 37.57 L 105.33 26.71 L 156 5" fill="none" stroke="#17854b" stroke-width="2" stroke-linecap="round" stroke-linejoin="round"/></svg>",
  "single": "<svg xmlns="http://www.w3.org/2000/svg" viewBox="0 0 160 48" width="160" height="48" role="img"><title>AAPL 1m price sparkline</title><desc>Price movement for AAPL over 1m, from 42 to 42.</desc><path d="M 77 24 L 83 24" fill="none" stroke="#6b7280" stroke-width="2" stroke-linecap="round" stroke-linejoin="round"/></svg>",
  "sparse": "<svg xmlns="http://www.w3.org/2000/svg" viewBox="0 0 160 48" width="160" height="48" role="img"><title>AAPL 1m price sparkline</title><desc>Price movement for AAPL over 1m, from 3 to 9.</desc><path d="M 4 43 L 156 5" fill="none" stroke="#17854b" stroke-width="2" stroke-linecap="round" stroke-linejoin="round"/></svg>",
  "volatile": "<svg xmlns="http://www.w3.org/2000/svg" viewBox="0 0 160 48" width="160" height="48" role="img"><title>AAPL 1m price sparkline</title><desc>Price movement for AAPL over 1m, from 0 to -20.</desc><path d="M 4 27.8 L 42 8.8 L 80 43 L 118 5 L 156 31.6" fill="none" stroke="#d13c43" stroke-width="2" stroke-linecap="round" stroke-linejoin="round"/></svg>",
}
`;

exports[`sparkline renderer > matches golden SVGs for compatibility-sensitive shapes 2`] = `
{
  "INSUFFICIENT_DATA": "<svg xmlns="http://www.w3.org/2000/svg" viewBox="0 0 160 48" width="160" height="48" role="img"><title>Sparkline unavailable: INSUFFICIENT_DATA</title><desc>This sparkline is temporarily unavailable. Use JSON format for error details.</desc><path d="M 4 15 L 21 11 L 38 17 L 55 9 L 72 15 L 89 12 L 106 18 L 123 10 L 140 14 L 156 11" fill="none" stroke="#8b9099" stroke-width="1.5" stroke-linecap="round" stroke-linejoin="round"/><text x="80" y="38" fill="#6b7280" font-family="monospace" font-size="7" text-anchor="middle">INSUFFICIENT_DATA</text></svg>",
  "INVALID_REQUEST": "<svg xmlns="http://www.w3.org/2000/svg" viewBox="0 0 160 48" width="160" height="48" role="img"><title>Sparkline unavailable: INVALID_REQUEST</title><desc>This sparkline is temporarily unavailable. Use JSON format for error details.</desc><path d="M 4 15 L 21 11 L 38 17 L 55 9 L 72 15 L 89 12 L 106 18 L 123 10 L 140 14 L 156 11" fill="none" stroke="#8b9099" stroke-width="1.5" stroke-linecap="round" stroke-linejoin="round"/><text x="80" y="38" fill="#6b7280" font-family="monospace" font-size="7" text-anchor="middle">INVALID_REQUEST</text></svg>",
  "PROVIDER_ERROR": "<svg xmlns="http://www.w3.org/2000/svg" viewBox="0 0 160 48" width="160" height="48" role="img"><title>Sparkline unavailable: PROVIDER_ERROR</title><desc>This sparkline is temporarily unavailable. Use JSON format for error details.</desc><path d="M 4 15 L 21 11 L 38 17 L 55 9 L 72 15 L 89 12 L 106 18 L 123 10 L 140 14 L 156 11" fill="none" stroke="#8b9099" stroke-width="1.5" stroke-linecap="round" stroke-linejoin="round"/><text x="80" y="38" fill="#6b7280" font-family="monospace" font-size="7" text-anchor="middle">PROVIDER_ERROR</text></svg>",
  "RATE_LIMITED": "<svg xmlns="http://www.w3.org/2000/svg" viewBox="0 0 160 48" width="160" height="48" role="img"><title>Sparkline unavailable: RATE_LIMITED</title><desc>This sparkline is temporarily unavailable. Use JSON format for error details.</desc><path d="M 4 15 L 21 11 L 38 17 L 55 9 L 72 15 L 89 12 L 106 18 L 123 10 L 140 14 L 156 11" fill="none" stroke="#8b9099" stroke-width="1.5" stroke-linecap="round" stroke-linejoin="round"/><text x="80" y="38" fill="#6b7280" font-family="monospace" font-size="7" text-anchor="middle">RATE_LIMITED</text></svg>",
  "SERVICE_UNAVAILABLE": "<svg xmlns="http://www.w3.org/2000/svg" viewBox="0 0 160 48" width="160" height="48" role="img"><title>Sparkline unavailable: SERVICE_UNAVAILABLE</title><desc>This sparkline is temporarily unavailable. Use JSON format for error details.</desc><path d="M 4 15 L 21 11 L 38 17 L 55 9 L 72 15 L 89 12 L 106 18 L 123 10 L 140 14 L 156 11" fill="none" stroke="#8b9099" stroke-width="1.5" stroke-linecap="round" stroke-linejoin="round"/><text x="80" y="38" fill="#6b7280" font-family="monospace" font-size="7" text-anchor="middle">SERVICE_UNAVAILABLE</text></svg>",
  "TICKER_NOT_FOUND": "<svg xmlns="http://www.w3.org/2000/svg" viewBox="0 0 160 48" width="160" height="48" role="img"><title>Sparkline unavailable: TICKER_NOT_FOUND</title><desc>This sparkline is temporarily unavailable. Use JSON format for error details.</desc><path d="M 4 15 L 21 11 L 38 17 L 55 9 L 72 15 L 89 12 L 106 18 L 123 10 L 140 14 L 156 11" fill="none" stroke="#8b9099" stroke-width="1.5" stroke-linecap="round" stroke-linejoin="round"/><text x="80" y="38" fill="#6b7280" font-family="monospace" font-size="7" text-anchor="middle">TICKER_NOT_FOUND</text></svg>",
}
`;
